[ONE Isaiah audit] {
  chapters: 66,
  missing: [],
  invalidConnections: [],
  missingContext: [],
  missingIllustrations: [
     1,  2,  3,  4,  5,  6,  7,  8,  9, 10, 11, 12,
    13, 14, 15, 16, 17, 18, 19, 20, 21, 22, 23, 24,
    25, 26, 27, 28, 29, 30, 31, 32, 33, 34, 35, 36,
    37, 38, 39, 40, 41, 42, 43, 44, 45, 46, 47, 48,
    49, 50, 51, 52, 53, 54, 55, 56, 57, 58, 59, 60,
    61, 62, 63, 64, 65, 66
  ],
  connectionCount: 66,
  ok: false
}
ONE global quality audit {
  status: 'WARNING',
  structuralOk: true,
  generatedAt: '2026-08-21T08:46:04.001Z',
  counts: {
    books: 66,
    chapters: 1189,
    pass: 208,
    warning: 981,
    fail: 0,
    withCover: 208,
    missingCover: 981,
    withTimeline: 1189,
    missingTimeline: 0,
    withMap: 715,
    withConnections: 885,
    withQuestions: 1189,
    withPreparation: 1189
  },
  schemaErrors: [],
  schemaWarnings: [],
  canonicalFailures: [],
  failures: [],
  warnings: [
    {
      level: 'WARNING',
      bookNumber: 1,
      chapter: 5,
      message: 'no canonical Doré/ONE Studio chapter cover assigned'
    },
    {
      level: 'WARNING',
      bookNumber: 1,
      chapter: 6,
      message: 'no canonical Doré/ONE Studio chapter cover assigned'
    },
    {
      level: 'WARNING',
      bookNumber: 1,
      chapter: 10,
      message: 'no canonical Doré/ONE Studio chapter cover assigned'
    },
    {
      level: 'WARNING',
      bookNumber: 1,
      chapter: 13,
      message: 'no canonical Doré/ONE Studio chapter cover assigned'
    },
    {
      level: 'WARNING',
      bookNumber: 1,
      chapter: 14,
      message: 'no canonical Doré/ONE Studio chapter cover assigned'
    },
    {
      level: 'WARNING',
      bookNumber: 1,
      chapter: 15,
      message: 'no canonical Doré/ONE Studio chapter cover assigned'
    },
    {
      level: 'WARNING',
      bookNumber: 1,
      chapter: 16,
      message: 'no canonical Doré/ONE Studio chapter cover assigned'
    },
    {
      level: 'WARNING',
      bookNumber: 1,
      chapter: 17,
      message: 'no canonical Doré/ONE Studio chapter cover assigned'
    },
    {
      level: 'WARNING',
      bookNumber: 1,
      chapter: 20,
      message: 'no canonical Doré/ONE Studio chapter cover assigned'
    },
    {
      level: 'WARNING',
      bookNumber: 1,
      chapter: 25,
      message: 'no canonical Doré/ONE Studio chapter cover assigned'
    },
    {
      level: 'WARNING',
      bookNumber: 1,
      chapter: 26,
      message: 'no canonical Doré/ONE Studio chapter cover assigned'
    },
    {
      level: 'WARNING',
      bookNumber: 1,
      chapter: 30,
      message: 'no canonical Doré/ONE Studio chapter cover assigned'
    },
    {
      level: 'WARNING',
      bookNumber: 1,
      chapter: 31,
      message: 'no canonical Doré/ONE Studio chapter cover assigned'
    },
    {
      level: 'WARNING',
      bookNumber: 1,
      chapter: 34,
      message: 'no canonical Doré/ONE Studio chapter cover assigned'
    },
    {
      level: 'WARNING',
      bookNumber: 1,
      chapter: 35,
      message: 'no canonical Doré/ONE Studio chapter cover assigned'
    },
    {
      level: 'WARNING',
      bookNumber: 1,
      chapter: 36,
      message: 'no canonical Doré/ONE Studio chapter cover assigned'
    },
    {
      level: 'WARNING',
      bookNumber: 1,
      chapter: 38,
      message: 'no canonical Doré/ONE Studio chapter cover assigned'
    },
    {
      level: 'WARNING',
      bookNumber: 1,
      chapter: 39,
      message: 'no canonical Doré/ONE Studio chapter cover assigned'
    },
    {
      level: 'WARNING',
      bookNumber: 1,
      chapter: 40,
      message: 'no canonical Doré/ONE Studio chapter cover assigned'
    },
    {
      level: 'WARNING',
      bookNumber: 1,
      chapter: 42,
      message: 'no canonical Doré/ONE Studio chapter cover assigned'
    },
    {
      level: 'WARNING',
      bookNumber: 1,
      chapter: 43,
      message: 'no canonical Doré/ONE Studio chapter cover assigned'
    },
    {
      level: 'WARNING',
      bookNumber: 1,
      chapter: 44,
      message: 'no canonical Doré/ONE Studio chapter cover assigned'
    },
    {
      level: 'WARNING',
      bookNumber: 1,
      chapter: 47,
      message: 'no canonical Doré/ONE Studio chapter cover assigned'
    },
    {
      level: 'WARNING',
      bookNumber: 1,
      chapter: 48,
      message: 'no canonical Doré/ONE Studio chapter cover assigned'
    },
    {
      level: 'WARNING',
      bookNumber: 1,
      chapter: 49,
      message: 'no canonical Doré/ONE Studio chapter cover assigned'
    },
    {
      level: 'WARNING',
      bookNumber: 1,
      chapter: 50,
      message: 'no canonical Doré/ONE Studio chapter cover assigned'
    },
    {
      level: 'WARNING',
      bookNumber: 2,
      chapter: 1,
      message: 'no canonical Doré/ONE Studio chapter cover assigned'
    },
    {
      level: 'WARNING',
      bookNumber: 2,
      chapter: 3,
      message: 'no canonical Doré/ONE Studio chapter cover assigned'
    },
    {
      level: 'WARNING',
      bookNumber: 2,
      chapter: 4,
      message: 'no canonical Doré/ONE Studio chapter cover assigned'
    },
    {
      level: 'WARNING',
      bookNumber: 2,
      chapter: 6,
      message: 'no canonical Doré/ONE Studio chapter cover assigned'
    },
    {
      level: 'WARNING',
      bookNumber: 2,
      chapter: 7,
      message: 'no canonical Doré/ONE Studio chapter cover assigned'
    },
    {
      level: 'WARNING',
      bookNumber: 2,
      chapter: 8,
      message: 'no canonical Doré/ONE Studio chapter cover assigned'
    },
    {
      level: 'WARNING',
      bookNumber: 2,
      chapter: 11,
      message: 'no canonical Doré/ONE Studio chapter cover assigned'
    },
    {
      level: 'WARNING',
      bookNumber: 2,
      chapter: 13,
      message: 'no canonical Doré/ONE Studio chapter cover assigned'
    },
    {
      level: 'WARNING',
      bookNumber: 2,
      chapter: 15,
      message: 'no canonical Doré/ONE Studio chapter cover assigned'
    },
    {
      level: 'WARNING',
      bookNumber: 2,
      chapter: 16,
      message: 'no canonical Doré/ONE Studio chapter cover assigned'
    },
    {
      level: 'WARNING',
      bookNumber: 2,
      chapter: 18,
      message: 'no canonical Doré/ONE Studio chapter cover assigned'
    },
    {
      level: 'WARNING',
      bookNumber: 2,
      chapter: 20,
      message: 'no canonical Doré/ONE Studio chapter cover assigned'
    },
    {
      level: 'WARNING',
      bookNumber: 2,
      chapter: 21,
      message: 'no canonical Doré/ONE Studio chapter cover assigned'
    },
    {
      level: 'WARNING',
      bookNumber: 2,
      chapter: 22,
      message: 'no canonical Doré/ONE Studio chapter cover assigned'
    },
    {
      level: 'WARNING',
      bookNumber: 2,
      chapter: 23,
      message: 'no canonical Doré/ONE Studio chapter cover assigned'
    },
    {
      level: 'WARNING',
      bookNumber: 2,
      chapter: 24,
      message: 'no canonical Doré/ONE Studio chapter cover assigned'
    },
    {
      level: 'WARNING',
      bookNumber: 2,
      chapter: 25,
      message: 'no canonical Doré/ONE Studio chapter cover assigned'
    },
    {
      level: 'WARNING',
      bookNumber: 2,
      chapter: 26,
      message: 'no canonical Doré/ONE Studio chapter cover assigned'
    },
    {
      level: 'WARNING',
      bookNumber: 2,
      chapter: 27,
      message: 'no canonical Doré/ONE Studio chapter cover assigned'
    },
    {
      level: 'WARNING',
      bookNumber: 2,
      chapter: 28,
      message: 'no canonical Doré/ONE Studio chapter cover assigned'
    },
    {
      level: 'WARNING',
      bookNumber: 2,
      chapter: 29,
      message: 'no canonical Doré/ONE Studio chapter cover assigned'
    },
    {
      level: 'WARNING',
      bookNumber: 2,
      chapter: 30,
      message: 'no canonical Doré/ONE Studio chapter cover assigned'
    },
    {
      level: 'WARNING',
      bookNumber: 2,
      chapter: 31,
      message: 'no canonical Doré/ONE Studio chapter cover assigned'
    },
    {
      level: 'WARNING',
      bookNumber: 2,
      chapter: 33,
      message: 'no canonical Doré/ONE Studio chapter cover assigned'
    },
    {
      level: 'WARNING',
      bookNumber: 2,
      chapter: 34,
      message: 'no canonical Doré/ONE Studio chapter cover assigned'
    },
    {
      level: 'WARNING',
      bookNumber: 2,
      chapter: 35,
      message: 'no canonical Doré/ONE Studio chapter cover assigned'
    },
    {
      level: 'WARNING',
      bookNumber: 2,
      chapter: 36,
      message: 'no canonical Doré/ONE Studio chapter cover assigned'
    },
    {
      level: 'WARNING',
      bookNumber: 2,
      chapter: 37,
      message: 'no canonical Doré/ONE Studio chapter cover assigned'
    },
    {
      level: 'WARNING',
      bookNumber: 2,
      chapter: 38,
      message: 'no canonical Doré/ONE Studio chapter cover assigned'
    },
    {
      level: 'WARNING',
      bookNumber: 2,
      chapter: 39,
      message: 'no canonical Doré/ONE Studio chapter cover assigned'
    },
    {
      level: 'WARNING',
      bookNumber: 2,
      chapter: 40,
      message: 'no canonical Doré/ONE Studio chapter cover assigned'
    },
    {
      level: 'WARNING',
      bookNumber: 3,
      chapter: 1,
      message: 'no canonical Doré/ONE Studio chapter cover assigned'
    },
    {
      level: 'WARNING',
      bookNumber: 3,
      chapter: 2,
      message: 'no canonical Doré/ONE Studio chapter cover assigned'
    },
    {
      level: 'WARNING',
      bookNumber: 3,
      chapter: 3,
      message: 'no canonical Doré/ONE Studio chapter cover assigned'
    },
    {
      level: 'WARNING',
      bookNumber: 3,
      chapter: 4,
      message: 'no canonical Doré/ONE Studio chapter cover assigned'
    },
    {
      level: 'WARNING',
      bookNumber: 3,
      chapter: 5,
      message: 'no canonical Doré/ONE Studio chapter cover assigned'
    },
    {
      level: 'WARNING',
      bookNumber: 3,
      chapter: 6,
      message: 'no canonical Doré/ONE Studio chapter cover assigned'
    },
    {
      level: 'WARNING',
      bookNumber: 3,
      chapter: 7,
      message: 'no canonical Doré/ONE Studio chapter cover assigned'
    },
    {
      level: 'WARNING',
      bookNumber: 3,
      chapter: 8,
      message: 'no canonical Doré/ONE Studio chapter cover assigned'
    },
    {
      level: 'WARNING',
      bookNumber: 3,
      chapter: 9,
      message: 'no canonical Doré/ONE Studio chapter cover assigned'
    },
    {
      level: 'WARNING',
      bookNumber: 3,
      chapter: 10,
      message: 'no canonical Doré/ONE Studio chapter cover assigned'
    },
    {
      level: 'WARNING',
      bookNumber: 3,
      chapter: 11,
      message: 'no canonical Doré/ONE Studio chapter cover assigned'
    },
    {
      level: 'WARNING',
      bookNumber: 3,
      chapter: 12,
      message: 'no canonical Doré/ONE Studio chapter cover assigned'
    },
    {
      level: 'WARNING',
      bookNumber: 3,
      chapter: 13,
      message: 'no canonical Doré/ONE Studio chapter cover assigned'
    },
    {
      level: 'WARNING',
      bookNumber: 3,
      chapter: 14,
      message: 'no canonical Doré/ONE Studio chapter cover assigned'
    },
    {
      level: 'WARNING',
      bookNumber: 3,
      chapter: 15,
      message: 'no canonical Doré/ONE Studio chapter cover assigned'
    },
    {
      level: 'WARNING',
      bookNumber: 3,
      chapter: 16,
      message: 'no canonical Doré/ONE Studio chapter cover assigned'
    },
    {
      level: 'WARNING',
      bookNumber: 3,
      chapter: 17,
      message: 'no canonical Doré/ONE Studio chapter cover assigned'
    },
    {
      level: 'WARNING',
      bookNumber: 3,
      chapter: 18,
      message: 'no canonical Doré/ONE Studio chapter cover assigned'
    },
    {
      level: 'WARNING',
      bookNumber: 3,
      chapter: 19,
      message: 'no canonical Doré/ONE Studio chapter cover assigned'
    },
    {
      level: 'WARNING',
      bookNumber: 3,
      chapter: 20,
      message: 'no canonical Doré/ONE Studio chapter cover assigned'
    },
    {
      level: 'WARNING',
      bookNumber: 3,
      chapter: 21,
      message: 'no canonical Doré/ONE Studio chapter cover assigned'
    },
    {
      level: 'WARNING',
      bookNumber: 3,
      chapter: 22,
      message: 'no canonical Doré/ONE Studio chapter cover assigned'
    },
    {
      level: 'WARNING',
      bookNumber: 3,
      chapter: 23,
      message: 'no canonical Doré/ONE Studio chapter cover assigned'
    },
    {
      level: 'WARNING',
      bookNumber: 3,
      chapter: 24,
      message: 'no canonical Doré/ONE Studio chapter cover assigned'
    },
    {
      level: 'WARNING',
      bookNumber: 3,
      chapter: 25,
      message: 'no canonical Doré/ONE Studio chapter cover assigned'
    },
    {
      level: 'WARNING',
      bookNumber: 3,
      chapter: 26,
      message: 'no canonical Doré/ONE Studio chapter cover assigned'
    },
    {
      level: 'WARNING',
      bookNumber: 3,
      chapter: 27,
      message: 'no canonical Doré/ONE Studio chapter cover assigned'
    },
    {
      level: 'WARNING',
      bookNumber: 4,
      chapter: 1,
      message: 'no canonical Doré/ONE Studio chapter cover assigned'
    },
    {
      level: 'WARNING',
      bookNumber: 4,
      chapter: 2,
      message: 'no canonical Doré/ONE Studio chapter cover assigned'
    },
    {
      level: 'WARNING',
      bookNumber: 4,
      chapter: 3,
      message: 'no canonical Doré/ONE Studio chapter cover assigned'
    },
    {
      level: 'WARNING',
      bookNumber: 4,
      chapter: 4,
      message: 'no canonical Doré/ONE Studio chapter cover assigned'
    },
    {
      level: 'WARNING',
      bookNumber: 4,
      chapter: 5,
      message: 'no canonical Doré/ONE Studio chapter cover assigned'
    },
    {
      level: 'WARNING',
      bookNumber: 4,
      chapter: 6,
      message: 'no canonical Doré/ONE Studio chapter cover assigned'
    },
    {
      level: 'WARNING',
      bookNumber: 4,
      chapter: 7,
      message: 'no canonical Doré/ONE Studio chapter cover assigned'
    },
    {
      level: 'WARNING',
      bookNumber: 4,
      chapter: 8,
      message: 'no canonical Doré/ONE Studio chapter cover assigned'
    },
    {
      level: 'WARNING',
      bookNumber: 4,
      chapter: 9,
      message: 'no canonical Doré/ONE Studio chapter cover assigned'
    },
    {
      level: 'WARNING',
      bookNumber: 4,
      chapter: 10,
      message: 'no canonical Doré/ONE Studio chapter cover assigned'
    },
    {
      level: 'WARNING',
      bookNumber: 4,
      chapter: 11,
      message: 'no canonical Doré/ONE Studio chapter cover assigned'
    },
    {
      level: 'WARNING',
      bookNumber: 4,
      chapter: 12,
      message: 'no canonical Doré/ONE Studio chapter cover assigned'
    },
    {
      level: 'WARNING',
      bookNumber: 4,
      chapter: 14,
      message: 'no canonical Doré/ONE Studio chapter cover assigned'
    },
    {
      level: 'WARNING',
      bookNumber: 4,
      chapter: 15,
      message: 'no canonical Doré/ONE Studio chapter cover assigned'
    },
    {
      level: 'WARNING',
      bookNumber: 4,
      chapter: 17,
      message: 'no canonical Doré/ONE Studio chapter cover assigned'
    },
    {
      level: 'WARNING',
      bookNumber: 4,
      chapter: 18,
      message: 'no canonical Doré/ONE Studio chapter cover assigned'
    },
    ... 881 more items
  ]
}
{
  "total": 2343,
  "filled": 508,
  "missingCount": 1835,
  "badCount": 0,
  "uniqueMissingCount": 837,
  "skipped": [
    "studio-binary-runtime.js",
    "one-cross-reference-scripture-hebrews.js",
    "one-cross-reference-scripture-global-audit.js"
  ],
  "errors": [
    {
      "file": "one-cross-reference-scripture.js",
      "error": "Unexpected string"
    }
  ]
}
ONE major-prophet long Scripture load failed Error: CUV 12/22 undefined
    at chapter (/home/runner/work/westsidewatch.github.io/westsidewatch.github.io/static/one/one-cross-reference-scripture-major-prophets.js:48:27)
    at async Promise.all (index 0)
ONE Hebrews Scripture load failed Error: CUV 19/2 undefined
    at /home/runner/work/westsidewatch.github.io/westsidewatch.github.io/static/one/one-cross-reference-scripture-major-prophets.js:88:111
ONE cross-reference Scripture global audit {
  status: 'FAIL',
  books: 66,
  totalChapters: 1189,
  chaptersWithConnections: 885,
  completeChapters: 93,
  incompleteChapters: 792,
  totalRows: 2343,
  filledRows: 508,
  missingRows: 1835,
  explanationCopied: [],
  relationshipCopied: [],
  conflicts: [],
  missing: [
    {
      book: 1,
      bookName: '創世記',
      chapter: 1,
      row: 1,
      reference: '詩篇 8:3–9'
    },
    {
      book: 1,
      bookName: '創世記',
      chapter: 1,
      row: 2,
      reference: '詩篇 33:6,9'
    },
    {
      book: 1,
      bookName: '創世記',
      chapter: 1,
      row: 3,
      reference: '約翰福音 1:1–3'
    },
    {
      book: 1,
      bookName: '創世記',
      chapter: 1,
      row: 4,
      reference: '歌羅西書 1:15–17'
    },
    {
      book: 1,
      bookName: '創世記',
      chapter: 2,
      row: 1,
      reference: '出埃及記 20:8–11'
    },
    {
      book: 1,
      bookName: '創世記',
      chapter: 2,
      row: 2,
      reference: '詩篇 104:29–30'
    },
    {
      book: 1,
      bookName: '創世記',
      chapter: 2,
      row: 3,
      reference: '馬太福音 19:4–6'
    },
    {
      book: 1,
      bookName: '創世記',
      chapter: 2,
      row: 4,
      reference: '以弗所書 5:31–32'
    },
    {
      book: 1,
      bookName: '創世記',
      chapter: 3,
      row: 1,
      reference: '羅馬書 5:12–19'
    },
    {
      book: 1,
      bookName: '創世記',
      chapter: 3,
      row: 2,
      reference: '哥林多後書 11:3'
    },
    {
      book: 1,
      bookName: '創世記',
      chapter: 3,
      row: 3,
      reference: '啟示錄 12:9'
    },
    {
      book: 1,
      bookName: '創世記',
      chapter: 3,
      row: 4,
      reference: '啟示錄 22:1–5'
    },
    {
      book: 1,
      bookName: '創世記',
      chapter: 4,
      row: 1,
      reference: '希伯來書 11:4'
    },
    {
      book: 1,
      bookName: '創世記',
      chapter: 4,
      row: 2,
      reference: '約翰一書 3:11–12'
    },
    {
      book: 1,
      bookName: '創世記',
      chapter: 4,
      row: 3,
      reference: '希伯來書 12:24'
    },
    {
      book: 1,
      bookName: '創世記',
      chapter: 4,
      row: 4,
      reference: '馬太福音 18:21–22'
    },
    {
      book: 1,
      bookName: '創世記',
      chapter: 5,
      row: 1,
      reference: '創世記 1:26–28'
    },
    {
      book: 1,
      bookName: '創世記',
      chapter: 5,
      row: 2,
      reference: '希伯來書 11:5–6'
    },
    {
      book: 1,
      bookName: '創世記',
      chapter: 5,
      row: 3,
      reference: '猶大書 14–15'
    },
    {
      book: 1,
      bookName: '創世記',
      chapter: 5,
      row: 4,
      reference: '羅馬書 5:14'
    },
    {
      book: 1,
      bookName: '創世記',
      chapter: 6,
      row: 1,
      reference: '彼得前書 3:20–21'
    },
    {
      book: 1,
      bookName: '創世記',
      chapter: 6,
      row: 2,
      reference: '彼得後書 2:5'
    },
    {
      book: 1,
      bookName: '創世記',
      chapter: 6,
      row: 3,
      reference: '希伯來書 11:7'
    },
    {
      book: 1,
      bookName: '創世記',
      chapter: 6,
      row: 4,
      reference: '出埃及記 2:3'
    },
    {
      book: 1,
      bookName: '創世記',
      chapter: 7,
      row: 1,
      reference: '創世記 1:6–10'
    },
    {
      book: 1,
      bookName: '創世記',
      chapter: 7,
      row: 2,
      reference: '馬太福音 24:37–39'
    },
    {
      book: 1,
      bookName: '創世記',
      chapter: 7,
      row: 3,
      reference: '路加福音 17:26–27'
    },
    {
      book: 1,
      bookName: '創世記',
      chapter: 8,
      row: 1,
      reference: '創世記 1:2,9–10,22'
    },
    {
      book: 1,
      bookName: '創世記',
      chapter: 8,
      row: 2,
      reference: '出埃及記 14:21'
    },
    {
      book: 1,
      bookName: '創世記',
      chapter: 8,
      row: 3,
      reference: '以賽亞書 54:9–10'
    },
    {
      book: 1,
      bookName: '創世記',
      chapter: 8,
      row: 4,
      reference: '彼得後書 3:5–7'
    },
    {
      book: 1,
      bookName: '創世記',
      chapter: 9,
      row: 1,
      reference: '創世記 1:27–28'
    },
    {
      book: 1,
      bookName: '創世記',
      chapter: 9,
      row: 2,
      reference: '利未記 17:11'
    },
    {
      book: 1,
      bookName: '創世記',
      chapter: 9,
      row: 3,
      reference: '以賽亞書 54:9–10'
    },
    {
      book: 1,
      bookName: '創世記',
      chapter: 9,
      row: 4,
      reference: '彼得前書 3:20–21'
    },
    {
      book: 1,
      bookName: '創世記',
      chapter: 10,
      row: 1,
      reference: '申命記 32:8'
    },
    {
      book: 1,
      bookName: '創世記',
      chapter: 10,
      row: 2,
      reference: '使徒行傳 17:26'
    },
    {
      book: 1,
      bookName: '創世記',
      chapter: 10,
      row: 3,
      reference: '啟示錄 7:9'
    },
    {
      book: 1,
      bookName: '創世記',
      chapter: 10,
      row: 4,
      reference: '創世記 12:3'
    },
    {
      book: 1,
      bookName: '創世記',
      chapter: 11,
      row: 1,
      reference: '創世記 1:28; 9:1'
    },
    {
      book: 1,
      bookName: '創世記',
      chapter: 11,
      row: 2,
      reference: '創世記 12:2'
    },
    {
      book: 1,
      bookName: '創世記',
      chapter: 11,
      row: 3,
      reference: '使徒行傳 2:5–11'
    },
    {
      book: 1,
      bookName: '創世記',
      chapter: 11,
      row: 4,
      reference: '啟示錄 18:1–8'
    },
    {
      book: 1,
      bookName: '創世記',
      chapter: 12,
      row: 1,
      reference: '希伯來書 11:8–10'
    },
    {
      book: 1,
      bookName: '創世記',
      chapter: 12,
      row: 2,
      reference: '加拉太書 3:8'
    },
    {
      book: 1,
      bookName: '創世記',
      chapter: 12,
      row: 3,
      reference: '使徒行傳 7:2–4'
    },
    {
      book: 1,
      bookName: '創世記',
      chapter: 12,
      row: 4,
      reference: '馬太福音 1:1'
    },
    {
      book: 1,
      bookName: '創世記',
      chapter: 13,
      row: 1,
      reference: '馬太福音 6:33'
    },
    {
      book: 1,
      bookName: '創世記',
      chapter: 13,
      row: 2,
      reference: '彼得後書 2:7–8'
    },
    {
      book: 1,
      bookName: '創世記',
      chapter: 13,
      row: 3,
      reference: '希伯來書 11:9–10'
    },
    {
      book: 1,
      bookName: '創世記',
      chapter: 14,
      row: 1,
      reference: '詩篇 110:4'
    },
    {
      book: 1,
      bookName: '創世記',
      chapter: 14,
      row: 2,
      reference: '希伯來書 7:1–10'
    },
    {
      book: 1,
      bookName: '創世記',
      chapter: 14,
      row: 3,
      reference: '希伯來書 7:17'
    },
    {
      book: 1,
      bookName: '創世記',
      chapter: 15,
      row: 1,
      reference: '羅馬書 4:1–5'
    },
    {
      book: 1,
      bookName: '創世記',
      chapter: 15,
      row: 2,
      reference: '加拉太書 3:6–9'
    },
    {
      book: 1,
      bookName: '創世記',
      chapter: 15,
      row: 3,
      reference: '雅各書 2:23'
    },
    {
      book: 1,
      bookName: '創世記',
      chapter: 15,
      row: 4,
      reference: '出埃及記 12:40–41'
    },
    {
      book: 1,
      bookName: '創世記',
      chapter: 16,
      row: 1,
      reference: '創世記 21:8–21'
    },
    {
      book: 1,
      bookName: '創世記',
      chapter: 16,
      row: 2,
      reference: '加拉太書 4:22–31'
    },
    {
      book: 1,
      bookName: '創世記',
      chapter: 16,
      row: 3,
      reference: '出埃及記 3:7'
    },
    {
      book: 1,
      bookName: '創世記',
      chapter: 17,
      row: 1,
      reference: '羅馬書 4:9–12'
    },
    {
      book: 1,
      bookName: '創世記',
      chapter: 17,
      row: 2,
      reference: '加拉太書 4:28'
    },
    {
      book: 1,
      bookName: '創世記',
      chapter: 17,
      row: 3,
      reference: '路加福音 1:37'
    },
    {
      book: 1,
      bookName: '創世記',
      chapter: 18,
      row: 1,
      reference: '希伯來書 13:2'
    },
    {
      book: 1,
      bookName: '創世記',
      chapter: 18,
      row: 2,
      reference: '路加福音 1:36–37'
    },
    {
      book: 1,
      bookName: '創世記',
      chapter: 18,
      row: 3,
      reference: '雅各書 2:23'
    },
    {
      book: 1,
      bookName: '創世記',
      chapter: 19,
      row: 1,
      reference: '路加福音 17:28–32'
    },
    {
      book: 1,
      bookName: '創世記',
      chapter: 19,
      row: 2,
      reference: '彼得後書 2:6–9'
    },
    {
      book: 1,
      bookName: '創世記',
      chapter: 19,
      row: 3,
      reference: '以西結書 16:49–50'
    },
    {
      book: 1,
      bookName: '創世記',
      chapter: 19,
      row: 4,
      reference: '路得記 4:13–17'
    },
    {
      book: 1,
      bookName: '創世記',
      chapter: 20,
      row: 1,
      reference: '創世記 12:10–20'
    },
    {
      book: 1,
      bookName: '創世記',
      chapter: 20,
      row: 2,
      reference: '詩篇 105:12–15'
    },
    {
      book: 1,
      bookName: '創世記',
      chapter: 20,
      row: 3,
      reference: '創世記 21:1–2'
    },
    {
      book: 1,
      bookName: '創世記',
      chapter: 21,
      row: 1,
      reference: '羅馬書 9:7–9'
    },
    {
      book: 1,
      bookName: '創世記',
      chapter: 21,
      row: 2,
      reference: '加拉太書 4:28–31'
    },
    {
      book: 1,
      bookName: '創世記',
      chapter: 21,
      row: 3,
      reference: '希伯來書 11:11–12'
    },
    {
      book: 1,
      bookName: '創世記',
      chapter: 22,
      row: 1,
      reference: '希伯來書 11:17–19'
    },
    {
      book: 1,
      bookName: '創世記',
      chapter: 22,
      row: 2,
      reference: '雅各書 2:21–23'
    },
    {
      book: 1,
      bookName: '創世記',
      chapter: 22,
      row: 3,
      reference: '歷代志下 3:1'
    },
    {
      book: 1,
      bookName: '創世記',
      chapter: 22,
      row: 4,
      reference: '羅馬書 8:32'
    },
    {
      book: 1,
      bookName: '創世記',
      chapter: 23,
      row: 1,
      reference: '希伯來書 11:9–16'
    },
    {
      book: 1,
      bookName: '創世記',
      chapter: 23,
      row: 2,
      reference: '創世記 49:29–32'
    },
    {
      book: 1,
      bookName: '創世記',
      chapter: 23,
      row: 3,
      reference: '創世記 50:13'
    },
    {
      book: 1,
      bookName: '創世記',
      chapter: 24,
      row: 1,
      reference: '創世記 12:1–4'
    },
    {
      book: 1,
      bookName: '創世記',
      chapter: 24,
      row: 2,
      reference: '創世記 22:20–23'
    },
    {
      book: 1,
      bookName: '創世記',
      chapter: 24,
      row: 3,
      reference: '箴言 3:5–6'
    },
    {
      book: 1,
      bookName: '創世記',
      chapter: 24,
      row: 4,
      reference: '創世記 25:20'
    },
    {
      book: 1,
      bookName: '創世記',
      chapter: 25,
      row: 1,
      reference: '羅馬書 9:10–13'
    },
    {
      book: 1,
      bookName: '創世記',
      chapter: 25,
      row: 2,
      reference: '希伯來書 12:16–17'
    },
    {
      book: 1,
      bookName: '創世記',
      chapter: 25,
      row: 3,
      reference: '創世記 17:20'
    },
    {
      book: 1,
      bookName: '創世記',
      chapter: 26,
      row: 1,
      reference: '創世記 12:10–20'
    },
    {
      book: 1,
      bookName: '創世記',
      chapter: 26,
      row: 2,
      reference: '創世記 20:1–18'
    },
    {
      book: 1,
      bookName: '創世記',
      chapter: 26,
      row: 3,
      reference: '希伯來書 11:9'
    },
    {
      book: 1,
      bookName: '創世記',
      chapter: 27,
      row: 1,
      reference: '希伯來書 11:20'
    },
    {
      book: 1,
      bookName: '創世記',
      chapter: 27,
      row: 2,
      reference: '希伯來書 12:16–17'
    },
    {
      book: 1,
      bookName: '創世記',
      chapter: 27,
      row: 3,
      reference: '創世記 25:23'
    },
    {
      book: 1,
      bookName: '創世記',
      chapter: 28,
      row: 1,
      reference: '約翰福音 1:51'
    },
    {
      book: 1,
      bookName: '創世記',
      chapter: 28,
      row: 2,
      reference: '創世記 35:1–15'
    },
    {
      book: 1,
      bookName: '創世記',
      chapter: 28,
      row: 3,
      reference: '希伯來書 13:5'
    },
    {
      book: 1,
      bookName: '創世記',
      chapter: 29,
      row: 1,
      reference: '何西阿書 12:12'
    },
    ... 1735 more items
  ]
}
